// Jest Snapshot v1, https://goo.gl/fbAQLP

exports[`tests on <Header/> should render <Header/> correctly 1`] = `
<header
  className="MuiPaper-root MuiAppBar-root MuiAppBar-positionStatic MuiAppBar-colorPrimary MuiPaper-elevation4"
>
  <div
    className="MuiToolbar-root MuiToolbar-regular MuiToolbar-gutters"
  >
    <div
      className="MuiBox-root MuiBox-root-3"
    >
      <a
        href="!#"
        rel="noreferrer"
        target="_blank"
      >
        <img
          alt="logo"
          className="makeStyles-logo-1"
          src="logo-rounded.png"
        />
      </a>
    </div>
    <h6
      className="MuiTypography-root makeStyles-title-2 MuiTypography-h6"
    >
      Autocomplete App
    </h6>
    <button
      aria-label="account of current user"
      className="MuiButtonBase-root MuiIconButton-root MuiIconButton-colorInherit"
      disabled={false}
      onBlur={[Function]}
      onDragLeave={[Function]}
      onFocus={[Function]}
      onKeyDown={[Function]}
      onKeyUp={[Function]}
      onMouseDown={[Function]}
      onMouseLeave={[Function]}
      onMouseUp={[Function]}
      onTouchEnd={[Function]}
      onTouchMove={[Function]}
      onTouchStart={[Function]}
      tabIndex={0}
      type="button"
    >
      <span
        className="MuiIconButton-label"
      >
        <svg
          aria-hidden={true}
          className="MuiSvgIcon-root"
          focusable="false"
          viewBox="0 0 24 24"
        >
          <path
            d="M12 2C6.48 2 2 6.48 2 12s4.48 10 10 10 10-4.48 10-10S17.52 2 12 2zm0 3c1.66 0 3 1.34 3 3s-1.34 3-3 3-3-1.34-3-3 1.34-3 3-3zm0 14.2c-2.5 0-4.71-1.28-6-3.22.03-1.99 4-3.08 6-3.08 1.99 0 5.97 1.09 6 3.08-1.29 1.94-3.5 3.22-6 3.22z"
          />
        </svg>
      </span>
      <span
        className="MuiTouchRipple-root"
      />
    </button>
  </div>
</header>
`;
